// Jest Snapshot v1, https://goo.gl/fbAQLP

exports[`templates.Toc creates a nested list 1`] = `
"
            <ol>
                
                        <li>
                            <a href=\\"test.xhtml\\">Test</a>
                            
            <ol>
                
                        <li>
                            <a href=\\"test-child.xhtml\\">Test Child</a>
                            
                        </li>
                    
            </ol>
        
                        </li>
                    
            </ol>
        "
`;

exports[`templates.Toc creates an anchor element 1`] = `"<a href=\\"test.xhtml\\">Test</a>"`;

exports[`templates.Toc creates an xhtml document 1`] = `
Object {
  "data": Array [
    117,
    110,
    100,
    101,
    102,
    105,
    110,
    101,
    100,
    10,
    32,
    32,
    32,
    32,
    32,
    32,
    32,
    32,
    32,
    32,
    32,
    32,
    32,
    32,
    32,
    32,
    60,
    110,
    97,
    118,
    32,
    105,
    100,
    61,
    34,
    116,
    111,
    99,
    34,
    32,
    101,
    112,
    117,
    98,
    58,
    116,
    121,
    112,
    101,
    61,
    34,
    116,
    111,
    99,
    34,
    62,
    10,
    32,
    32,
    32,
    32,
    32,
    32,
    32,
    32,
    32,
    32,
    32,
    32,
    32,
    32,
    32,
    32,
    32,
    32,
    32,
    32,
    60,
    104,
    50,
    62,
    84,
    97,
    98,
    108,
    101,
    32,
    111,
    102,
    32,
    67,
    111,
    110,
    116,
    101,
    110,
    116,
    115,
    60,
    47,
    104,
    50,
    62,
    10,
    32,
    32,
    32,
    32,
    32,
    32,
    32,
    32,
    32,
    32,
    32,
    32,
    32,
    32,
    32,
    32,
    32,
    32,
    32,
    32,
    123,
    37,
    32,
    98,
    111,
    100,
    121,
    32,
    37,
    125,
    10,
    32,
    32,
    32,
    32,
    32,
    32,
    32,
    32,
    32,
    32,
    32,
    32,
    32,
    32,
    32,
    32,
    60,
    47,
    110,
    97,
    118,
    62,
    10,
    32,
    32,
    32,
    32,
    32,
    32,
    32,
    32,
    32,
    32,
    32,
    32,
    32,
    32,
    32,
    32,
    117,
    110,
    100,
    101,
    102,
    105,
    110,
    101,
    100,
    10,
    32,
    32,
    32,
    32,
    32,
    32,
    32,
    32,
    32,
    32,
    32,
    32,
  ],
  "type": "Buffer",
}
`;

exports[`templates.Toc creates an xhtml document 2`] = `
Array [
  "toc.document.tmpl",
]
`;
