// Jest Snapshot v1, https://goo.gl/fbAQLP

exports[`Video renders the component 1`] = `
<video
  controls={true}
  data-autoplay={true}
/>
`;

exports[`Video renders the component 2`] = `
<video
  controls={false}
  data-autoplay={false}
/>
`;
